// Jest Snapshot v1, https://goo.gl/fbAQLP

exports[`Layout: renders snapshot as expected 1`] = `
<div
  className="css-cglpfw"
>
  <header
    className="css-dhve4b"
  >
    <a
      className="css-kl9a67"
      href="/"
    >
      Richard McCartney
    </a>
  </header>
</div>
`;
