// Jest Snapshot v1, https://goo.gl/fbAQLP

exports[`Button: renders snapshot as expected 1`] = `
<button
  disabled={false}
  type="button"
/>
`;
