// Jest Snapshot v1, https://goo.gl/fbAQLP

exports[`Container: renders snapshot as expected 1`] = `
<div
  className="css-1z08k44"
/>
`;
